[   0.00000 Iniiaizin cgroup ubss puse
[   0.000000] Initalzig grou susys pu
    .00000] Iitialzig cgoup ubsy cpucct
[    0.0000] Liuxverson 4..057-gneic (uild@lgw0154)(gccvesin 5..0 2016009 (bunt 5.40-6uuntu~16.4.4)) #78-bunt SMPFri ec9 2350:3 UTC2016(Ubuntu 4..0-5.78-geneic 4.4.3)
[   0.0000] Comandline: BOOT_IMGE=boo/vmlnuz-4.4.-57-enerc rot=LAEL=coudim-roofsro cnsol=tty conole=ttyS
[    000000] KERNEL supprted pus:
[    .00000]  Intl Geuinentel
[   0.0000]   MD AthenicAMD
[    000000]   Cntau CntauHaus
[   .00000 x86fpu:xstae_ofset[]:  576, xsate_izes[2]:  256
[    0.000000] x86/fpu: Supporting XSAVE feature 0x01: 'x87 floating point registers'
[    0.000000] x86/fpu: Spporting XSAVE feature 0x02: 'SSE registers'
[    0.000000] x86/fpu: Supporting XSAVE feature 0x04: 'AVX registers'
[    0.000000] x86/fpu: Enabled xstate features 0x7, context siz is 832 bytes, using 'standad' frmat.
[   0.00000 x86fpu:Usin 'lay' FU cotextswithes.
[   0.000000] e820: BIOS-provided physical RAM map:
[    0.000000] BIOS-e82: [mem 000000000000000-x000000000009fbff] usable
[    0.000000] BIOS-e820: [mem 0x000000000fc000x0000000009fff] rservd
[   0.00000] IOS-e80: [em 0000000000f000-0x000000000fffff] reserved
[    0.00000]BIOSe820 [me 0x0000000010000-0x00000003ffefff] usble
[   0.0000] BIOS-e82: [mem x00000003fff0000-0x000000003fffffff] ACPI data
[    0.000000] BIOS-e820: [mem 0x00000000fec00000-0x00000000fe00fff] reserved
[    0.000000] BIOS-e820: [mem 0x00000000fee00000-0x00000000fe00fff] resrved
[    0.00000] IOS-820:[mem 00000000fff00000x000000fffffff resrved
    .000000]NX (xecute Disable) proection activ
[   0.00000] SBIOS2.5 pesen.
[   0.00000 Hyprvisr deected:KVM
[   0.000000] e820: last_pfn = 0x3fff0max_arch_pf = 0x4000000
[    000000] MRR: Diabled
[   0.00000 x86PAT:MTRRs isabed, sipping PATinitalizatio too.
[   0.00000] 86/PAT Conigurtion[0-7: WB  T  U- UC WB  WT  UC-UC  
[   0.0000] CPU TRRs all blank - virtualizedsyste.
[   0.000000] found SMP MP-table at [mem 0x0009fff0-0x0009ffff] mapped at [ffff88000009ff0]
    .00000] cannng 1 ares fo lw memory corrupton
    0.00000] RAMDISK: [mem 0x36b74000-0x375b1fff]
[   0.00000 ACP: Ealy table checksum verification disabled
[    0.000000] ACPI: RSDP 0x00000000000E0000 000024 (v02 VBOX )
[    0.000000] ACPI: XSDT 0x000000003FFF0030 00003C (v01 VBOX   VBOXXSDT 00000001 AL  0000061)
[   0.0000] ACPI: ACP 000000003FF00F0 000F4(v04VBOX  VBXFACP 00000001 ASL  00000061)
[    0.000000 API: SDT x00000003FF047 00210F (v01 VBOX   VBOXBIOS 0000002 INTL 20100528)
[    0.00000 ACPI:FACS0x00000003FF020 00040
[   0.00000 ACP: FAS 0x0000003FF020 00040
    .000000] ACPI: APIC 0x000000003FFF0240 00005C (v02 VBOX   VBOXAPIC 00000001 ASL  00000061)
[    0.000000] ACPI: SSDT 0x000000003FFF02A0 001CC v01 VBOX   VBOXCPUT 0000002 ITL 210052)
[   0.00000] o NUA cofiguratio foud
[   0.00000] Fking anodeat [me 0x00000000000000-x00000003feffff]
[    0.00000 NOD_DAT(0) alocatd [mm 0x3feb00-0x3fefff]
    .000000] kvm-cock: singmsrs 4b564d01 and 4b564d00
[    0.000000] kvm-clock: cpu 0, msr 0:3ffe3001, primary cpu clock
[    0.000000] kvm-clock: using sched offset of 502273248 cyces
   0.000000] clocksoure: kvmcloc: mak: 0xfffffffffffff ma_cyces: x1cd2e4dffb, ma_idl_ns:8815909183 n
[    .000000]Zone rnges:
[   0.00000]  DMA    [mem0x0000000000100-0x00000000ffff]
[   0.00000]  DMA32   [mem 0x00000000100000-0x000000003ffeffff
[   0.00000]  Nomal  empy
[   0.00000]  Deice   mpty
[   0.00000] Mvable one strt foreach nde
[   0.0000] Erly emory noderangs
[   0.0000]   noe   : [mm 0x000000000100-0x00000000009efff]
[    0.000000]  node   0: [mem 0x0000000000100000-0x000000003ffeffff]
[    0.000000] Initmem setup node 0 mem 0x0000000000100-0x0000003fefff]
[   0.00000]ACPI PM-imerIO Prt: 0x408
[    0.000000] IOAPIC[0]: apic_id 2, version 32,addrss 0xfc0000, GS 0-23
    0.0000] ACP: IN_SRCOVR bus 0bus_rq 0globl_ir 2 dl dfl)
[    0.000000] ACI: INT_SRC_OVR (bus 0 bus_irq 9 lobal_rq 9highleve)
[   0.0000] Usng API (ADT) or SP cofiuration infomatin
[   0.00000] smpbot: Allowing 2 CPs, 0hotpug CPU
[   0.00000] PM:Regitere nosve mmory: [mem 00000000-x00000ff]
[   0.00000]PM: Reistered nosave memory: [mem 0x0009f000-0x0009ffff]
[    0.00000] PM Regsterd noave emor: [mm 0x00a0000-0x00efff]
[   0.00000] M: Regsterd noave meory: [mem 0x000f0000-0x000fffff]
[    0.000000] e80: [mem 0x4000000-0xfebfffff] available for PCI devices
[    0.000000] Booting paravirtualized kernel on KVM
[    0.000000] clocksource: refined-jffie: mak: 0ffffffff max_ycle: 0xffffff, ma_idl_ns:76455960021568 s
[   0.00000 setup_percpu: NR_CPUS:512 nr_cpumask_bits:512 nr_cpu_ids:2 nr_node_ids:1
[    0.000000] PERCPU: Embedded 33 pges/cu @ffff88003fc00000 s98264 r8192 d28712 u1048576
[    0.000000] PV qspinlock hash table etries:256 (oder: 0 409 byts)
    .00000] uilt1 zoeliss inNode rder mobilty gouping on.  Total pages: 25913
[    0.000000]Poliy zoe: DMA2
[   0.0000] Kernl commnd line:BOOTIMAG=/bootvmlinu-4.40-57geneic root=LABEL=loudimg-rootfs ro cosoletty1 onole=tyS0
    0.00000 PD hah tale enries 409 (orer: 3, 32768byte)
[   0.0000] Memory: 002096/104120Kavilabe (832K erel cde, 291Krwdaa, 396K roata,1484Kint, 1316K bs, 4024K reserved, K cm-resrved
[   0.00000]SLUB Halign=64 Ordr=0-, MiObjets=0 CPUs=, Noes=1
    0.00000]HierarchicalRCU mpleentatin.
    0.000000] 	uildtime djusmentof laf anou to 4.
    0.0000] 	RCUrestrictig CPUs from NR_CPUS512 o nrcpu_ids=2.
    .00000] RC: Adustinggeomtry orrcu_anout_eaf=4, nrcpu_ds=2
    0.00000] NRIRQS:33024 nr_irqs:440 16
[    0.00000] onsol: colur VGA 80x25
[    0.000000] console [tty1] enabled
[    0.000000]console [ttyS0] enabled
[    0.000000] tsc: Detected 1696.071 MHz processor
[   42.378361] Calibrating delay loop (skipped) preset value.. 3392.14 BogoMIPS (lpj=6784284)
[   42.406271] pid_max: default: 32768 minimum: 301
[   42.486702] ACPI: Core revision 20150930
[   42.576072] ACPI: 2 ACPI AML tables successfully acquired and loaded
[   42.704320] Security Framework initialized
[   42.780870] Yama: becoming mindful.
[   42.859133] AppArmor: AppArmor initialized
[   42.911190] Dentry cache hash table entries: 131072 (order: 8, 1048576 bytes)
[   42.948191] Inode-cache hash table entries: 65536 (order: 7, 524288 bytes)
[   43.022789] Mount-cache hash table entries: 2048 (order: 2, 16384 bytes)
[   43.113363] Mountpoint-cache hash table entries: 2048 (order: 2, 16384 bytes)
[   43.252883] Initializing cgroup subsys io
[   43.307802] Initializing cgroup subsys memory
[   43.400738] Initializing cgroup subsys devices
[   43.496557] Initializing cgroup subsys freezer
[   43.593309] Initializing cgroup subsys net_cls
[   43.630570] Initializing cgroup subsys perf_event
[   43.645182] Initializing cgroup subsys net_prio
[   43.748782] Initializing cgroup subsys hugetlb
[   43.800598] Initializing cgroup subsys pids
[   43.880990] CPU: Physical Processor ID: 0
[   43.970636] CPU: Processor Core ID: 0
[   44.072562] mce: CPU supports 0 MCE banks
[   44.151244] Last level iTLB entries: 4KB 1024, 2MB 1024, 4MB 1024
[   44.163642] Last level dTLB entries: 4KB 1024, 2MB 1024, 4MB 1024, 1GB 4
[   44.252851] Freeing SMP alternatives memory: 32K (ffffffff820b7000 - ffffffff820bf000)
[   44.299030] ftrace: allocating 32063 entries in 126 pages
[   44.481773] smpboot: APIC(0) Converting physical 0 to logical package 0
[   44.632736] smpboot: Max logical packages: 1
[   44.725372] x2apic enabled
[   44.735883] Switched APIC routing to physical x2apic.
[   44.848571] ..TIMER: vector=0x30 apic1=0 pin1=2 apic2=-1 pin2=-1
[   45.071335] smpboot: CPU0: Intel(R) Core(TM) i3-4005U CPU @ 1.70GHz (family: 0x6, model: 0x45, stepping: 0x1)
[   45.259910] Performance Events: unsupported p6 CPU model 69 no PMU driver, software events only.
[   45.354120] KVM setup paravirtual spinlock
[   45.383019] x86: Booting SMP configuration:
[   45.432523] .... node  #0, CPUs:      #1
[   45.452512] kvm-clock: cpu 1, msr 0:3ffe3041, secondary cpu clock
[   45.465506] mce: CPU supports 0 MCE banks
[   45.485952] x86: Booted up 1 node, 2 CPUs
[   45.512340] smpboot: Total of 2 processors activated (6784.28 BogoMIPS)
[   45.545496] devtmpfs: initialized
[   45.563277] evm: security.selinux
[   45.622706] evm: security.SMACK64
[   45.682479] evm: security.SMACK64EXEC
[   45.740156] evm: security.SMACK64TRANSMUTE
[   45.795942] evm: security.SMACK64MMAP
[   45.813975] evm: security.ima
[   45.860268] evm: security.capability
[   45.925583] clocksource: jiffies: mask: 0xffffffff max_cycles: 0xffffffff, max_idle_ns: 7645041785100000 ns
[   46.077109] pinctrl core: initialized pinctrl subsystem
[   46.163885] RTC time:  9:42:16, date: 12/28/16
[   46.267760] NET: Registered protocol family 16
[   46.374497] cpuidle: using governor ladder
[   46.469441] cpuidle: using governor menu
[   46.526118] PCCT header not found.
[   46.541678] ACPI: bus type PCI registered
[   46.583005] acpiphp: ACPI Hot Plug PCI Controller Driver version: 0.5
[   46.617078] PCI: Using configuration type 1 for base access
[   46.656509] ACPI: Added _OSI(Module Device)
[   46.682486] ACPI: Added _OSI(Processor Device)
[   46.699340] ACPI: Added _OSI(3.0 _SCP Extensions)
[   46.729449] ACPI: Added _OSI(Processor Aggregator Device)
[   46.808363] ACPI: Executed 1 blocks of module-level executable AML code
[   46.944840] ACPI: Interpreter enabled
[   46.971858] ACPI: (supports S0 S5)
[   47.038311] ACPI: Using IOAPIC for interrupt routing
[   47.127068] PCI: Using host bridge windows from ACPI; if necessary, use "pci=nocrs" and report a bug
[   47.175268] ACPI: PCI Root Bridge [PCI0] (domain 0000 [bus 00-ff])
[   47.277140] acpi PNP0A03:00: _OSC: OS supports [ASPM ClockPM Segments MSI]
[   47.355428] acpi PNP0A03:00: _OSC failed (AE_NOT_FOUND); disabling ASPM
[   47.418987] acpi PNP0A03:00: fail to add MMCONFIG information, can't access extended PCI configuration space under this bridge.
[   47.455190] PCI host bridge to bus 0000:00
[   47.472422] pci_bus 0000:00: root bus resource [io  0x0000-0x0cf7 window]
[   47.507046] pci_bus 0000:00: root bus resource [io  0x0d00-0xffff window]
[   47.612469] pci_bus 0000:00: root bus resource [mem 0x000a0000-0x000bffff window]
[   47.748204] pci_bus 0000:00: root bus resource [mem 0x40000000-0xffdfffff window]
[   47.782749] pci_bus 0000:00: root bus resource [bus 00-ff]
[   47.818835] pci 0000:00:01.1: legacy IDE quirk: reg 0x10: [io  0x01f0-0x01f7]
[   47.831677] pci 0000:00:01.1: legacy IDE quirk: reg 0x14: [io  0x03f6]
[   47.898970] pci 0000:00:01.1: legacy IDE quirk: reg 0x18: [io  0x0170-0x0177]
[   47.940451] pci 0000:00:01.1: legacy IDE quirk: reg 0x1c: [io  0x0376]
[   48.063410] pci 0000:00:07.0: quirk: [io  0x4000-0x403f] claimed by PIIX4 ACPI
[   48.213661] pci 0000:00:07.0: quirk: [io  0x4100-0x410f] claimed by PIIX4 SMB
[   48.339855] ACPI: PCI Interrupt Link [LNKA] (IRQs 5 9 10 *11)
[   48.472452] ACPI: PCI Interrupt Link [LNKB] (IRQs 5 9 10 *11)
[   48.550882] ACPI: PCI Interrupt Link [LNKC] (IRQs 5 9 *10 11)
[   48.635412] ACPI: PCI Interrupt Link [LNKD] (IRQs 5 *9 10 11)
[   48.746912] ACPI: Enabled 2 GPEs in block 00 to 07
[   48.827387] vgaarb: setting as boot device: PCI:0000:00:02.0
[   48.920406] vgaarb: device added: PCI:0000:00:02.0,decodes=io+mem,owns=io+mem,locks=none
[   48.968389] vgaarb: loaded
[   48.999005] vgaarb: bridge control possible 0000:00:02.0
[   49.030873] SCSI subsystem initialized
[   49.060386] ACPI: bus type USB registered
[   49.070996] usbcore: registered new interface driver usbfs
[   49.076401] usbcore: registered new interface driver hub
[   49.095298] usbcore: registered new device driver usb
[   49.118471] PCI: Using ACPI for IRQ routing
[   49.123457] NetLabel: Initializing
[   49.146246] NetLabel:  domain hash size = 128
[   49.218606] NetLabel:  protocols = UNLABELED CIPSOv4
[   49.275180] NetLabel:  unlabeled traffic allowed by default
[   49.381433] amd_nb: Cannot enumerate AMD northbridges
[   49.476768] clocksource: Switched to clocksource kvm-clock
[   9.30] ppArorApArorFilesystem Enabled
[  52877pn P APIinit
[ 51193]pn: nPAC: un3 evices
[   52.028841] clocksource: acpi_pm: mask: 0xffffff max_cycles: 0xffffff, max_idle_ns: 2085701024 ns
[   52.143613] NET: Registered protocol family 2
[   52.150712] TCP established hash table entries: 8192 (order: 4, 65536 bytes)
[   52.256422] TCP bind hash table entries: 8192 (order: 5, 131072 bytes)
[   52.363799] TCP: Hash tables configured (established 8192 bind 8192)
[   52.454516] UDP hash table entries: 512 (order: 2, 16384 bytes)
[   52.465219] UDP-Lite hash table entries: 512 (order: 2, 16384 bytes)
[   52.473606] NET: Registered protocol family 1
[   52.485361] pci 0000:00:00.0: Limiting direct PCI/PCI transfers
[   52.502142] pci 0000:00:01.0: Activating ISA DMA hang workarounds
[   52.535962] Trying to unpack rootfs image as initramfs...
[   59.009846] Freeing initrd memory: 10488K (ffff880036b74000 - ffff8800375b2000)
[   59.075369] RAPL PMU detected, API unit is 2^-32 Joules, 4 fixed counters 10737418240 ms ovfl timer
[   59.155346] hw unit of domain pp0-core 2^-0 Joules
[   59.183408] hw unit of domain package 2^-0 Joules
[   59.236214] hw unit of domain dram 2^-0 Joules
[   59.259800] hw unit of domain pp1-gpu 2^-0 Joules
[   59.276523] platform rtc_cmos: registered platform RTC device (no PNP device found)
[   59.410541] Scanning for low memory corruption every 60 seconds
[   59.477573] futex hash table entries: 512 (order: 3, 32768 bytes)
[   59.508844] audit: initializing netlink subsys (disabled)
[   59.551305] audit: type=2000 audit(1482918108.093:1): initialized
[   59.561573] Initialise system trusted keyring
[   59.614208] HugeTLB registered 2 MB page size, pre-allocated 0 pages
[   59.727293] zbud: loaded
[   59.740020] VFS: Disk quotas dquot_6.6.0
[  5743423] VFS: Dquot-cache hash table entries: 512 (order 0, 4096 byte
  0.873]quhf vsin 4.0 (2009/01/31) PhillipLohe
[ 61261]tsc: Refined TSC clocksource calibration: 1695.655 MHz
[   616070] losource: tsc: mask: 0xffffffffffffffff max_cycles: 0x18711eb45f3, max_idle_ns: 440795228282 ns
[   61.602418] fuse init (APIvesi 73)
[   61.602772] Key type big_key registered
[   61.602817] Allocating IMA MOK and blacklist keyrings.
[   61.603300] Key type asymmetric registered
[   61.603305] Asymmetric key parser 'x509' registered
[   61.603388] Block layer SCSI generic (bsg) driver version 0.4 loaded (major 249)
[   61.603457] io scheduler noop registered
[   61.603464] io scheduler deadline registered (default)
[   61.603603] io scheduler cfq registered
[   61.603812] pci_hotplug: PCI Hot Plug PCI Core version: 0.5
[   61.603823] pciehp: PCI Express Hot Plug Controller Driver version: 0.4
[   61.604108] ACPI: AC Adapter [AC] (off-line)
[   61.604226] input: Power Button as /devices/LNXSYSTM:00/LNXPWRBN:00/input/input0
[   61.604231] ACPI: Power Button [PWRF]
[   61.604400] input: Sleep Button as /devices/LNXSYSTM:00/LNXSLPBN:00/input/input1
[   61.604404] ACPI: Sleep Button [SLPF]
[   61.604736] GHES: HEST is not enabled!
[   61.604948] Serial: 8250/16550 driver, 32 ports, IRQ sharing enabled
[   62.003827] 00:02: ttyS0 at I/O 0x3f8 (irq = 4, base_baud = 115200) is a 16550A
[   62.470549] Linux agpgart interface v0.103
[   62.492919] brd: module loaded
[   62.497600] loop: module loaded
[   62.499871] scsi host0: ata_piix
[   62.500189] scsi host1: ata_piix
[   62.500344] ata1: PATA max UDMA/33 cmd 0x1f0 ctl 0x3f6 bmdma 0xd000 irq 14
[   62.500348] ata2: PATA max UDMA/33 cmd 0x170 ctl 0x376 bmdma 0xd008 irq 15
[   62.500657] libphy: Fixed MDIO Bus: probed
[   62.500667] tun: Universal TUN/TAP device driver, 1.6
[   62.500669] tun: (C) 1999-2004 Max Krasnyansky <maxk@qualcomm.com>
[   62.500909] PPP generic driver version 2.4.2
[   62.501157] ehci_hcd: USB 2.0 'Enhanced' Host Controller (EHCI) Driver
[   62.501172] ehci-pci: EHCI PCI platform driver
[   62.501208] ehci-platform: EHCI generic platform driver
[   62.501240] ohci_hcd: USB 1.1 'Open' Host Controller (OHCI) Driver
[   62.501252] ohci-pci: OHCI PCI platform driver
[   62.501287] ohci-platform: OHCI generic platform driver
[   62.501326] uhci_hcd: USB Universal Host Controller Interface driver
[   62.501533] i8042: PNP: PS/2 Controller [PNP0303:PS2K,PNP0f03:PS2M] at 0x60,0x64 irq 1,12
[   62.504420] ACPI: Battery Slot [BAT0] (battery present)
[   62.506170] serio: i8042 KBD port at 0x60,0x64 irq 1
[   62.506182] serio: i8042 AUX port at 0x60,0x64 irq 12
[   62.506506] mousedev: PS/2 mouse device common for all mice
[   62.507438] rtc_cmos rtc_cmos: rtc core: registered rtc_cmos as rtc0
[   62.507630] rtc_cmos rtc_cmos: alarms up to one day, 114 bytes vram
[   62.507646] i2c /dev entries driver
[   62.507814] device-mapper: uevent: version 1.0.3
[   62.507977] device-mapper: ioctl: 4.34.0-ioctl (2015-10-28) initialised: dm-devel@redhat.com
[   62.508014] ledtrig-cpu: registered to indicate activity on CPUs
[   62.508727] NET: Registered protocol family 10
[   62.510570] NET: Registered protocol family 17
[   62.510605] Key type dns_resolver registered
[   62.532921] microcode: CPU0 sig=0x40651, pf=0x40, revision=0x0
[   62.533042] microcode: CPU1 sig=0x40651, pf=0x40, revision=0x0
[   62.533329] microcode: Microcode Update Driver: v2.01 <tigran@aivazian.fsnet.co.uk>, Peter Oruba
[   62.533671] registered taskstats version 1
[   62.533725] Loading compiled-in X.509 certificates
[   62.536204] Loaded X.509 cert 'Build time autogenerated kernel key: a2268f7e4ca1e818c997a5071614f42c2a90855b'
[   62.536253] zswap: loaded using pool lzo/zbud
[   62.541223] Key type trusted registered
[   62.552576] Key type encrypted registered
[   62.552599] AppArmor: AppArmor sha1 policy hashing enabled
[   62.552609] ima: No TPM chip found, activating TPM-bypass!
[   62.552678] evm: HMAC attrs: 0x1
[   62.553975]   Magic number: 12:778:728
[   62.558485] rtc_cmos rtc_cmos: setting system clock to 2016-12-28 09:42:32 UTC (1482918152)
[   62.558881] BIOS EDD facility v0.16 2004-Jun-25, 0 devices found
[   62.558883] EDD information not available.
[   62.726663] input: AT Translated Set 2 keyboard as /devices/platform/i8042/serio0/input/input2
[   66.654415] Freeing unused kernel memory: 1484K (ffffffff81f44000 - ffffffff820b7000)
[   66.679200] Write protecting the kernel read-only data: 14336k
[   66.692008] Freeing unused kernel memory: 1796K (ffff88000183f000 - ffff880001a00000)
[   66.722654] Freeing unused kernel memory: 136K (ffff880001dde000 - ffff880001e00000)
Loading, please wait...
starting version 229
[   66.787392] random: systemd-udevd: uninitialized urandom read (16 bytes read, 4 bits of entropy available)
[   66.790716] random: udevadm: uninitialized urandom read (16 bytes read, 4 bits of entropy available)
[   66.790883] random: udevadm: uninitialized urandom read (16 bytes read, 4 bits of entropy available)
[   66.791483] random: udevadm: uninitialized urandom read (16 bytes read, 4 bits of entropy available)
[   66.791665] random: udevadm: uninitialized urandom read (16 bytes read, 4 bits of entropy available)
[   66.791847] random: udevadm: uninitialized urandom read (16 bytes read, 4 bits of entropy available)
[   66.792128] random: udevadm: uninitialized urandom read (16 bytes read, 4 bits of entropy available)
[   66.792314] random: udevadm: uninitialized urandom read (16 bytes read, 4 bits of entropy available)
[   66.792485] random: udevadm: uninitialized urandom read (16 bytes read, 4 bits of entropy available)
[   66.792664] random: udevadm: uninitialized urandom read (16 bytes read, 4 bits of entropy available)
[   67.761892] e1000: Intel(R) PRO/1000 Network Driver - version 7.3.21-k8-NAPI
[   67.775489] e1000: Copyright (c) 1999-2006 Intel Corporation.
[   67.795559] Fusion MPT base driver 3.04.20
[   67.822845] Copyright (c) 1999-2008 LSI Corporation
[   67.879767] Fusion MPT SPI Host driver 3.04.20
[   67.994927] AVX version of gcm_enc/dec engaged.
[   68.006143] AES CTR mode by8 optimization enabled
[   68.113502] input: ImExPS/2 Generic Explorer Mouse as /devices/platform/i8042/serio1/input/input4
[   68.528341] e1000 0000:00:03.0 eth0: (PCI:33MHz:32-bit) 02:a6:9f:fe:ad:64
[   68.619800] e1000 0000:00:03.0 eth0: Intel(R) PRO/1000 Network Connection
[   68.704651] mptbase: ioc0: Initiating bringup
[   68.858180] ioc0: LSI53C1030 A0: Capabilities={Initiator}
[   69.103744] scsi host2: ioc0: LSI53C1030 A0, FwRev=00000000h, Ports=1, MaxQ=256, IRQ=20
[   69.237942] scsi 2:0:0:0: Direct-Access     VBOX     HARDDISK         1.0  PQ: 0 ANSI: 5
[   69.333314] scsi target2:0:0: Beginning Domain Validation
[   69.375949] scsi target2:0:0: Domain Validation skipping write tests
[   69.394247] scsi target2:0:0: Ending Domain Validation
[   69.405468] scsi target2:0:0: asynchronous
[   69.449206] scsi 2:0:1:0: Direct-Access     VBOX     HARDDISK         1.0  PQ: 0 ANSI: 5
[   69.509815] scsi target2:0:1: Beginning Domain Validation
[   69.558024] scsi target2:0:1: Domain Validation skipping write tests
[   69.609807] scsi target2:0:1: Ending Domain Validation
[   69.614380] scsi target2:0:1: asynchronous
[   69.795461] sd 2:0:0:0: Attached scsi generic sg0 type 0
[   69.825599] sd 2:0:0:0: [sda] 20971520 512-byte logical blocks: (10.7 GB/10.0 GiB)
[   69.894711] sd 2:0:1:0: Attached scsi generic sg1 type 0
[   69.918780] e1000 0000:00:08.0 eth1: (PCI:33MHz:32-bit) 08:00:27:9f:7b:fc
[   69.918794] e1000 0000:00:08.0 eth1: Intel(R) PRO/1000 Network Connection
[   69.952992] e1000 0000:00:03.0 enp0s3: renamed from eth0
[   70.223491] sd 2:0:1:0: [sdb] 20480 512-byte logical blocks: (10.5 MB/10.0 MiB)
[   70.225815] sd 2:0:0:0: [sda] Write Protect is off
[   70.226400] sd 2:0:0:0: [sda] Incomplete mode parameter data
[   70.226406] sd 2:0:0:0: [sda] Assuming drive cache: write through
[   70.294946] sd 2:0:1:0: [sdb] Write Protect is off
[   70.300214]  sda: sda1
[   70.307764] e1000 0000:00:08.0 enp0s8: renamed from eth1
[   70.353937] sd 2:0:1:0: [sdb] Incomplete mode parameter data
[   70.354654] sd 2:0:0:0: [sda] Attached SCSI disk
[   70.407889] sd 2:0:1:0: [sdb] Assuming drive cache: write through
[   70.470355] sd 2:0:1:0: [sdb] Attached SCSI disk
[   70.932270] floppy0: no floppy controllers found
Begin: Loading e[   73.769733] md: linear personality registered for level -1
ssential drivers[   73.850744] md: multipath personality registered for level -4
 ... [   73.897714] md: raid0 personality registered for level 0
[   73.917986] md: raid1 personality registered for level 1
[   74.025219] raid6: sse2x1   gen()  1916 MB/s
[   74.136810] raid6: sse2x1   xor()  1542 MB/s
[   74.264793] raid6: sse2x2   gen()  2879 MB/s
[   74.421302] raid6: sse2x2   xor()  2025 MB/s
[   74.554126] raid6: sse2x4   gen()  3892 MB/s
[   74.689020] raid6: sse2x4   xor()  2712 MB/s
[   74.746252] raid6: using algorithm sse2x4 gen() 3892 MB/s
[   74.842843] raid6: .... xor() 2712 MB/s, rmw enabled
[   74.940574] raid6: using ssse3x2 recovery algorithm
[   75.023370] xor: automatically using best checksumming function:
[   75.085012]    avx       :  5291.000 MB/sec
[   75.094255] async_tx: api initialized (async)
[   75.146261] md: raid6 personality registered for level 6
[   75.187883] md: raid5 personality registered for level 5
[   75.218574] md: raid4 personality registered for level 4
[   75.259697] md: raid10 personality registered for level 10
done.
Begin: Running /scripts/init-premount ... done.
Begin: Mounting root file system ... Begin: Running /scripts/local-top ... done.
Begin: Running /scripts/local-premount ... [   75.404026] Btrfs loaded
Scanning for Btrfs filesystems
done.
Warning: fsck not present, so skipping root file system
[   75.753630] EXT4-fs (sda1): mounted filesystem with ordered data mode. Opts: (null)
done.
Begin: Running /scripts/local-bottom ... done.
Begin: Running /scripts/init-bottom ... done.
[   76.337186] random: nonblocking pool is initialized
[   7.2682 ste[1 ste 29 unin i syste me.+PM UD +ELUXIMA +APPARMOR +SMACK +SYSVINIT +UTMP +LIBCRYPTSETUP +GCRYPT +GNUTLS +ACL +XZ -LZ4 +SECCOMP +BLKID +LFTILS +KODID
[   80538]ysmd1]Deected virtualzaonrae.
[   8.47626 ste[1: Deecd rcitctre8664

Welcome to [1mUbuntu 16.04.1 LTS[0m!

[ 8207033] syem1]Se hstam t<unt.
[ 84.011] std[]:Iniazing machine ID roraomenat.
[   85540486] systemd[1]: Installed trnsen /tc/mchin-ifi.
[   .68241] sytemd[1: ard orar Password Requests to WallDicty tc
[[0;32m  OK  [0m] Started Forward Password Requests to Wall Directory Watch.
[ 88.981442] systemd[1]: Listening on Journal Socket.
[[0;32m  OK  [0m] Listening on Journal Socket.
[   898390] std[1: eached target Swap.

[[0;32m  OK  [0m] Reached target Swap.
[  9.4495] sysem1] Lisening n everl ckt.

[[0;32m  OK  [0m] Listening on udev Kernel Socket.
[  9.54173] stmd[1: Litengn M2etat demn cket.
[[0;32m  OK  [0m] Listening on LVM2 metadata daemon socket.
[ 930386syem[1]:Litening on Device-mapper event daemon FIFOs.

[[0;32m  OK  [0m] Listening on Device-mapper event daemon FIFOs.
[  93.3351] std[: stni o/d/initctl ompaibitNad pe
[[0;32m  OK  [0m] Listening on /dev/initctl Compatibility Named Pipe.
[   5.223] sstem1] St  aomntrbray Exectable File Forms leSyte Atoun Point. [[0;32m  OK  [0m] Set up automount Arbitrary Executab...ats File System Automount Point.
[ 97.75633 ste[1 RacedtageEnyped Volmes.

[[0;32m  OK  [0m] Reached target Encrypted Volumes.
[ 990890 sted[]:Crted slice yste Sce
[[0;32m  OK  [0m] Created slice System Slice.
[  100.253541] systemd[1]: Starting Nameserver information manager...
         Starting Nameserver information manager...
[  100.421455] systemd[1]: Starting Set console keymap...
         Starting Set console keymap...
[  100.569408] systemd[1]: Starting Remount Root and Kernel File Systems...
         Starting Remount Root and Kernel File Systems...
[  100.731760] EXT4-fs (sda1): re-mounted. Opts: (null)
[  100.753381] systemd[1]: Mounting Huge Pages File System...
         Mounting Huge Pages File System...
[  100.829926] systemd[1]: Starting Uncomplicated firewall...
         Starting Uncomplicated firewall...
[  100.921359] systemd[1]: Starting Load Kernel Modules...
         Starting Load Kernel Modules...
[  100.985425] Loading iSCSI transport class v2.0-870.
[  101.071928] systemd[1]: Starting Create list of required static device nodes for the current kernel...
         Starting Create list of required st... [  101.121295] iscsi: registered transport (tcp)
nodes for the current kernel...
[  101.154236] systemd[1]: Created slice system-serial\x2dgetty.slice.
[[0;32m  OK  [0m] Created slice system-serial\x2dgetty.slice.
[  101.233956] systemd[1]: Listening on Journal Audit Socket.
[[0;32m  OK  [0m] Listening on Journal Audit Socket.
[  101.273941] systemd[1]: Listening on Syslog Socket.
[[0;32m  OK  [0[  101.297362] iscsi: registered transport (iser)
m] Listening on Syslog Socket.
[  101.374355] systemd[1]: Listening on udev Control Socket.
[[0;32m  OK  [0m] Listening on udev Control Socket.
[ 101.554427 sstmd1]: Listening on LVM2 poll daemon socket.
[[0;32m  OK  [0m] Listening on LVM2 poll daemon socket.
[  101.949946] systemd[1]: Mounting Debug File System...
         Mounting Debug File System...
[ 102.003031 ste[1: Rech tgeUser and Grop Nameooup.
[[0;32m  OK  [0m] Reached target User and Group Name Lookups.
[ 103.3358] ystemd[1]: Created slice User and Session Slice.
[[0;32m  OK  [0m] Created slice User and Session Slice.
[ 10.69923] systmd[1: acd aret lies

[[0;32m  OK  [0m] Reached target Slices.
[  104.601782] systemd[1]: Starting Monitoring of LVM2 mirrors, snapshots etc. using dmeventd or progress polling...
         Starting Monitoring of LVM2 mirrors... dmeventd or progress polling...
[  104.865566] systemd[1]: Mounting POSIX Message Queue File System...
         Mounting POSIX Message Queue File System...
[  104.994095] systemd[1]: Listening on Journal Socket (/dev/log).
[[0;32m  OK  [0m] Listening on Journal Socket (/dev/log).
[  105.213546] systemd[1]: Starting Journal Service...
         Starting Journal Service...
[  105.379159] systemd[1]: Mounted Huge Pages File System.
[[0;32m  OK  [0m] Mounted Huge Pages File System.
[  105.457522] systemd[1]: Mounted POSIX Message Queue File System.
[[0;32m  OK  [0m] Mounted POSIX Message Queue File System.
[  105.505516] systemd[1]: Mounted Debug File System.
[[0;32m  OK  [0m] Mounted Debug File System.
[  105.570299 systemd[1: arteJounaSeic.
[[0;32m  OK  [0m] Started Journal Service.
[[0;32m  OK  [0m] Started Set console keymap.
[[0;32m  OK  [0m] Started Remount Root and Kernel File Systems.
[[0;32m  OK  [0m] Started Uncomplicated firewall.
[[0;32m  OK  [0m] Started Load Kernel Modules.
[[0;32m  OK  [0m] Started Create list of required sta...ce nodes for the current kernel.
[[0;32m  OK  [0m] Started Nameserver information manager.
[[0;32m  OK  [0m] Started LVM2 metadata daemon.
         Starting Create Static Device Nodes in /dev...
         Mounting FUSE Control File System...
         Starting Apply Kernel Variables...
         Starting Initial cloud-init job (pre-networking)...
         Starting udev Coldplug all Devices...
         Starting Load/Save Random Seed...
         Starting Flush Journal to Persistent Storage...
[[0;32m  OK  [0m] Mounted FUSE Control File System.
[[0;32m  OK  [0m] Started Apply Kernel Variables.
[[0;32m  OK  [0m] Started Monitoring of LVM2 mirrors,...ng dmeventd or progress polling.
[[0;32m  OK  [0m] Started Load/Save Random Seed.
[[0;32m  OK  [0m] Started Flush Journal to Persistent Storage.
[[0;32m  OK  [0m] Started udev Coldplug all Devices.
[[0;32m  OK  [0m] Started Create Static Device Nodes in /dev.
         Starting udev Kernel Device Manager...
[[0;32m  OK  [0m] Started udev Kernel Device Manager.
[[0;32m  OK  [0m] Reached target Local File Systems (Pre).
[[0;32m  OK  [0m] Reached target Local File Systems.
         Starting LSB: AppArmor initialization...
         Starting Commit a transient machine-id on disk...
         Starting Tell Plymouth To Write Out Runtime Data...
         Starting Create Volatile Files and Directories...
         Starting Set console font and keymap...
[[0;32m  OK  [0m] Started Dispatch Password Requests to Console Directory Watch.
[[0;32m  OK  [0m] Started Commit a transient machine-id on disk.
[[0;32m  OK  [0m] Started Tell Plymouth To Write Out Runtime Data.
[[0;32m  OK  [0m] Started Create Volatile Files and Directories.
         Starting Update UTMP about System Boot/Shutdown...
[[0;32m  OK  [0m] Reached target System Time Synchronized.
[[0;32m  OK  [0m] Started Update UTMP about System Boot/Shutdown.
[[0;32m  OK  [0m] Found device /dev/ttyS0.
[[0;32m  OK  [0m] Started LSB: AppArmor initialization.
[   99.899062] cloud-init[468]: Cloud-init v. 0.7.8 running 'init-local' at Wed, 28 Dec 2016 09:43:57 +0000. Up 98.72 seconds.
[[0;32m  OK  [0m] Started Initial cloud-init job (pre-networking).
[[0;32m  OK  [0m] Reached target Network (Pre).
         Starting Raise network interfaces...
[[0;31m*[0;1;31m*[0m[0;31m*   [0m] (1 of 2) A start job is running for...k interfaces (1min 6s / 6min 1s)[K[[0;1;31m*[0m[0;31m*    [0m] (1 of 2) A start job is running for...k interfaces (1min 6s / 6min 1s)[K[[0m[0;31m*     [0m] (1 of 2) A start job is running for...k interfaces (1min 7s / 6min 1s)[K[[0;1;31m*[0m[0;31m*    [0m] (2 of 2) A start job is running for... and keymap (1min 7s / no limit)[K[[0;31m*[0;1;31m*[0m[0;31m*   [0m] (2 of 2) A start job is running for... and keymap (1min 8s / no limit)[K[ [0;31m*[0;1;31m*[0m[0;31m*  [0m] (2 of 2) A start job is running for... and keymap (1min 8s / no limit)[K[  [0;31m*[0;1;31m*[0m[0;31m* [0m] (1 of 2) A start job is running for...k interfaces (1min 9s / 6min 1s)[K[   [0;31m*[0;1;31m*[0m[0;31m*[0m] (1 of 2) A start job is running for...k interfaces (1min 9s / 6min 1s)[K[    [0;31m*[0;1;31m*[0m] (1 of 2) A start job is running for... interfaces (1min 10s / 6min 1s)[K[     [0;31m*[0m] (2 of 2) A start job is running for...and keymap (1min 10s / no limit)[K[    [0;31m*[0;1;31m*[0m] (2 of 2) A start job is running for...and keymap (1min 11s / no limit)[K[   [0;31m*[0;1;31m*[0m[0;31m*[0m] (2 of 2) A start job is running for...and keymap (1min 11s / no limit)[K[  [0;31m*[0;1;31m*[0m[0;31m* [0m] (1 of 2) A start job is running for... interfaces (1min 12s / 6min 1s)[K[ [0;31m*[0;1;31m*[0m[0;31m*  [0m] (1 of 2) A start job is running for... interfaces (1min 12s / 6min 1s)[K[[0;31m*[0;1;31m*[0m[0;31m*   [0m] (1 of 2) A start job is running for... interfaces (1min 13s / 6min 1s)[K[[0;1;31m*[0m[0;31m*    [0m] (2 of 2) A start job is running for...and keymap (1min 13s / no limit)[K[[0m[0;31m*     [0m] (2 of 2) A start job is running for...and keymap (1min 14s / no limit)[K[[0;1;31m*[0m[0;31m*    [0m] (2 of 2) A start job is running for...and keymap (1min 14s / no limit)[K[[0;31m*[0;1;31m*[0m[0;31m*   [0m] (1 of 2) A start job is running for... interfaces (1min 15s / 6min 1s)[K[ [0;31m*[0;1;31m*[0m[0;31m*  [0m] (1 of 2) A start job is running for... interfaces (1min 15s / 6min 1s)[K[  [0;31m*[0;1;31m*[0m[0;31m* [0m] (1 of 2) A start job is running for... interfaces (1min 16s / 6min 1s)[K[   [0;31m*[0;1;31m*[0m[0;31m*[0m] (2 of 2) A start job is running for...and keymap (1min 16s / no limit)[K[    [0;31m*[0;1;31m*[0m] (2 of 2) A start job is running for...and keymap (1min 17s / no limit)[K[     [0;31m*[0m] (2 of 2) A start job is running for...and keymap (1min 17s / no limit)[K[    [0;31m*[0;1;31m*[0m] (1 of 2) A start job is running for... interfaces (1min 18s / 6min 1s)[K[   [0;31m*[0;1;31m*[0m[0;31m*[0m] (1 of 2) A start job is running for... interfaces (1min 18s / 6min 1s)[K[  [0;31m*[0;1;31m*[0m[0;31m* [0m] (1 of 2) A start job is running for... interfaces (1min 19s / 6min 1s)[K[ [0;31m*[0;1;31m*[0m[0;31m*  [0m] (2 of 2) A start job is running for...and keymap (1min 19s / no limit)[K[[0;31m*[0;1;31m*[0m[0;31m*   [0m] (2 of 2) A start job is running for...and keymap (1min 20s / no limit)[K[[0;1;31m*[0m[0;31m*    [0m] (2 of 2) A start job is running for...and keymap (1min 20s / no limit)[K[[0m[0;31m*     [0m] (1 of 2) A start job is running for... interfaces (1min 21s / 6min 1s)[K[[0;1;31m*[0m[0;31m*    [0m] (1 of 2) A start job is running for... interfaces (1min 21s / 6min 1s)[K[[0;31m*[0;1;31m*[0m[0;31m*   [0m] (1 of 2) A start job is running for... interfaces (1min 22s / 6min 1s)[K[ [0;31m*[0;1;31m*[0m[0;31m*  [0m] (2 of 2) A start job is running for...and keymap (1min 22s / no limit)[K[  [0;31m*[0;1;31m*[0m[0;31m* [0m] (2 of 2) A start job is running for...and keymap (1min 23s / no limit)[K[   [0;31m*[0;1;31m*[0m[0;31m*[0m] (2 of 2) A start job is running for...and keymap (1min 23s / no limit)[K[    [0;31m*[0;1;31m*[0m] (1 of 2) A start job is running for... interfaces (1min 24s / 6min 1s)[K[     [0;31m*[0m] (1 of 2) A start job is running for... interfaces (1min 24s / 6min 1s)[K[    [0;31m*[0;1;31m*[0m] (1 of 2) A start job is running for... interfaces (1min 25s / 6min 1s)[K[   [0;31m*[0;1;31m*[0m[0;31m*[0m] (2 of 2) A start job is running for...and keymap (1min 25s / no limit)[K[  [0;31m*[0;1;31m*[0m[0;31m* [0m] (2 of 2) A start job is running for...and keymap (1min 26s / no limit)[K[ [0;31m*[0;1;31m*[0m[0;31m*  [0m] (2 of 2) A start job is running for...and keymap (1min 26s / no limit)[K[[0;31m*[0;1;31m*[0m[0;31m*   [0m] (1 of 2) A start job is running for... interfaces (1min 27s / 6min 1s)[K[[0;32m  OK  [0m] Listening on Load/Save RF Kill Switch Status /dev/rfkill Watch.
[[0;32m  OK  [0m] Started Set console font and keymap.
[[0;32m  OK  [0m] Created slice system-getty.slice.
[[0;32m  OK  [0m] Started Raise network interfaces.
[[0;32m  OK  [0m] Reached target Network.
         Starting Initial cloud-init job (metadata service crawler)...
[  133.991147] cloud-init[1067]: Cloud-init v. 0.7.8 running 'init' at Wed, 28 Dec 2016 09:44:30 +0000. Up 131.48 seconds.
[  134.031044] cloud-init[1067]: ci-info: ++++++++++++++++++++++++++++++++++++++Net device info++++++++++++++++++++++++++++++++++++++
[  134.057433] cloud-init[1067]: ci-info: +--------+-------+----------------------------+---------------+-------+-------------------+
[  134.097754] cloud-init[1067]: ci-info: | Device |   Up  |          Address           |      Mask     | Scope |     Hw-Address    |
[  134.124794] cloud-init[1067]: ci-info: +--------+-------+----------------------------+---------------+-------+-------------------+
[  134.138541] cloud-init[1067]: ci-info: | enp0s8 | False |             .              |       .       |   .   | 08:00:27:9f:7b:fc |
[  134.184545] cloud-init[1067]: ci-info: |   lo   |  True |         127.0.0.1          |   255.0.0.0   |   .   |         .         |
[  134.185008] cloud-init[1067]: ci-info: |   lo   |  True |          ::1/128           |       .       |  host |         .         |
[  134.185514] cloud-init[1067]: ci-info: | enp0s3 |  True |         10.0.2.15          | 255.255.255.0 |   .   | 02:a6:9f:fe:ad:64 |
[  134.185726] cloud-init[1067]: ci-info: | enp0s3 |  True | fe80::a6:9fff:fefe:ad64/64 |       .       |  link | 02:a6:9f:fe:ad:64 |
[  134.185929] cloud-init[1067]: ci-info: +--------+-------+----------------------------+---------------+-------+-------------------+
[  134.186189] cloud-init[1067]: ci-info: +++++++++++++++++++++++++++Route IPv4 info++++++++++++++++++++++++++++
[  134.186405] cloud-init[1067]: ci-info: +-------+-------------+----------+---------------+-----------+-------+
[  134.186617] cloud-init[1067]: ci-info: | Route | Destination | Gateway  |    Genmask    | Interface | Flags |
[  134.186821] cloud-init[1067]: ci-info: +-------+-------------+----------+---------------+-----------+-------+
[  134.187017] cloud-init[1067]: ci-info: |   0   |   0.0.0.0   | 10.0.2.2 |    0.0.0.0    |   enp0s3  |   UG  |
[  134.187318] cloud-init[1067]: ci-info: |   1   |   10.0.2.0  | 0.0.0.0  | 255.255.255.0 |   enp0s3  |   U   |
[  134.187523] cloud-init[1067]: ci-info: +-------+-------------+----------+---------------+-----------+-------+
[  134.187720] cloud-init[1067]: Generating public/private rsa key pair.
[  134.187923] cloud-init[1067]: Your identification has been saved in /etc/ssh/ssh_host_rsa_key.
[[0;32m  OK  [0m] Started Initial cloud-init job (metadata service crawler).
[  134.188354] [cloud-init[0;32m  OK  [0m[1067]: ] Your public key has been saved in /etc/ssh/ssh_host_rsa_key.pub.Reached target System Initialization.

[  135.414925] [cloud-init[0;32m  OK  [0m[1067]: ] The key fingerprint is:Started Trigger resolvconf update for networkd DNS.

[  135.521611] [cloud-init[0;32m  OK  [0m[1067]: ] SHA256:VKMLSouOAdR0QPP/IArAnyHPXKOKIJvPrzmuqy2t+/k root@ubuntu-xenialStarted Daily Cleanup of Temporary Directories.

[  135.885282] [cloud-init[0;32m  OK  [0m[1067]: ] The key's randomart image is:Listening on UUID daemon activation socket.

[  135.887155]          cloud-initStarting Socket activation for snappy daemon.[1067]: 
+---[RSA 2048]----+
[  136.055363] [cloud-init[0;32m  OK  [0m[1067]: ] | .+=..    o      |Started Timer to automatically refresh installed snaps.

[  136.108778] cloud-init[1067]: |o  .+    o .     |
[  136.141618] cloud-init[1067]: |oo ..+. o        |
         Starting LXD - unix socket.
[[0;32m  OK  [0m] Listening on D-Bus System Message Bus Socket.
[  136.153955] cloud-init[1067]: |o *o=ooo .       |
[  136.221571] cloud-init[1067]: |+..Bo. oS        |
[  136.244965] cloud-init[1067]: |+*o . . o        |
[  136.245368] cloud-init[1067]: |=o..     .       |
[  136.246039] cloud-init[1067]: |.+oo             |
[  136.246679] cloud-init[1067]: |BOX=E            |
[  136.247371] cloud-init[1067]: +----[SHA256]-----+
[  136.247580] cloud-init[1067]: Generating public/private dsa key pair.
[  136.247783] cloud-init[1067]: Your identification has been saved in /etc/ssh/ssh_host_dsa_key.
[[0;32m  OK  [0m] Listening on ACPID Listen Socket.
[  136.248369] cloud-init[1067]: Your public key has been saved in /etc/ssh/ssh_host_dsa_key.pub.
[  136.472774] cloud-init[1067]: The key fingerprint is:
[  136.504962] cloud-init[1067]: SHA256:4u8WdtOcrNmaRFoRqLwMdA8MxenxpplS9AMjL0QTuYE root@ubuntu-xenial
[[0;32m  OK  [0m] Started ACPI Events Check.
[[0;32m  OK  [0m] Reached target Paths.
[[0;32m  OK  [0m] Started Daily apt activities.
[  136.584871] cloud-init[1067]: The key's randomart image is:
[  136.704876] cloud-init[1067]: +---[DSA 1024]----+
[  136.705194] cloud-init[1067]: |   o=B.. ..      |
[  136.705823] cloud-init[1067]: |  E *.@ .  .     |
[  136.705950] cloud-init[1067]: |   o X X  .      |
[  136.706064] cloud-init[1067]: |    + * *  .     |
[  136.706176] cloud-init[1067]: |     =.*S.o+ .   |
[  136.706288] cloud-init[1067]: |    ..*.o+o =    |
[  136.706399] cloud-init[1067]: |     ....o.=     |
[  136.706512] cloud-init[1067]: |       ...o..    |
[  136.706637] cloud-init[1067]: |       oo o.     |
[  136.706881] cloud-init[1067]: +----[SHA256]-----+
[  136.707005] cloud-init[1067]: Generating public/private ecdsa key pair.
[  136.707118] cloud-init[1067]: Your identification has been saved in /etc/ssh/ssh_host_ecdsa_key.
[  136.707231] cloud-init[1067]: Your public key has been saved in /etc/ssh/ssh_host_ecdsa_key.pub.
[  136.707348] cloud-init[1067]: The key fingerprint is:
[  136.707458] cloud-init[1067]: SHA256:upu+op6ZzE32otS8BRbUF6gTWiRCVuIwDUnN33B9rjY root@ubuntu-xenial
[  136.707570] cloud-init[1067]: The key's randomart image is:
[  136.707747] cloud-init[1067]: +---[ECDSA 256]---+
[  136.707866] cloud-init[1067]: |BO=oo. .o.       |
[  136.707979] cloud-init[1067]: |=oo=o.o... .     |
[  136.708099] cloud-init[1067]: | . ooo+.  o      |
[[0;32m  OK  [0m] Reached target Timers.
[[0;32m  OK  [0m] Reached target Network is Online.
[  136.708444] cloud-init[1067]: |  . oo .   .     |
[  137.438315] cloud-init[1067]: |    o.  S .      |
[  137.460983] cloud-init[1067]: |   + . . E       |
[  137.462212] cloud-init[1067]: |  . = o . .      |
         Starting iSCSI initiator daemon (iscsid)...
[  137.462820] cloud-init[1067]: | + Bo+ o         |
[  137.593674] cloud-init[1067]: | .Xoo+Bo         |
[[0;32m  OK  [0m] Reached target Cloud-config availability.
[  137.594146] cloud-init[1067]: +----[SHA256]-----+
[  137.704880] cloud-init[1067]: Generating public/private ed25519 key pair.
[  137.706123] cloud-init[1067]: Your identification has been saved in /etc/ssh/ssh_host_ed25519_key.
[[0;32m  OK  [0m] Listening on Socket activation for snappy daemon.
[  137.706657] cloud-init[1067]: Your public key has been saved in /etc/ssh/ssh_host_ed25519_key.pub.
[  137.864224] cloud-init[1067]: The key fingerprint is:
[[0;32m  OK  [0m] Listening on LXD - unix socket.
[  137.864741] cloud-init[1067]: SHA256:zpeGwtu8oKBALHBA3RC/5jIAbSZaFw0I3og5RoIzSM0 root@ubuntu-xenial
[  138.097956] cloud-init[1067]: The key's randomart image is:
[  138.099279] cloud-init[1067]: +--[ED25519 256]--+
[[0;32m  OK  [0m] Reached target Sockets.
[  138.099817] cloud-init[1067]: |O=++*o           |
[[0;32m  OK  [0m] Reached target Basic System.
[  138.129500] cloud-init[1067]: |X++E.o.          |
[  138.197606] cloud-init[1067]: |B**...           |
[  138.198890] cloud-init[1067]: |*B .  .          |
         Starting Login Service...
[  138.199416] cloud-init[1067]: |o+   o  S        |
[  138.394081] cloud-init[1067]: |o . o. o . .     |
[  138.395437] cloud-init[1067]: |. .o .+ + +      |
[[0;32m  OK  [0m] Started ACPI event daemon.
[  138.395936] cloud-init[1067]: |.. .o. * o       |
         Starting LSB: MD monitoring daemon...
[[0;32m  OK  [0m] Started D-Bus System Message Bus.
[  138.439441] cloud-init[1067]: |.   . . +.       |
[  138.512940] cloud-init[1067]: +----[SHA256]-----+
[[0;32m  OK  [0m] Started FUSE filesystem for LXC.
         Starting Accounts Service...
         Starting System Logging Service...
[[0;32m  OK  [0m] Started Regular background program processing daemon.
         Starting Pollinate to seed the pseudo random number generator...
         Starting Apply the settings specified in cloud-config...
         Starting LXD - container startup/shutdown...
[[0;32m  OK  [0m] Started Deferred execution scheduler.
         Starting LSB: Record successful boot for GRUB...
         Starting /etc/rc.local Compatibility...
[[0;32m  OK  [0m] Started Snappy daemon.
         Starting Auto import assertions from block devices...
[[0;32m  OK  [0m] Started iSCSI initiator daemon (iscsid).
[[0;32m  OK  [0m] Started /etc/rc.local Compatibility.
[[0;32m  OK  [0m] Started Auto import assertions from block devices.
         Starting Login to default iSCSI targets...
[[0;32m  OK  [0m] Started Login Service.
[[0;32m  OK  [0m] Started System Logging Service.
[[0;32m  OK  [0m] Started LSB: MD monitoring daemon.
[[0;32m  OK  [0m] Started LSB: Record successful boot for GRUB.
[[0;32m  OK  [0m] Started Login to default iSCSI targets.
[[0;32m  OK  [0m] Reached target Remote File Systems (Pre).
[[0;32m  OK  [0m] Reached target Remote File Systems.
         Starting LSB: automatic crash report generation...
         Starting LSB: Set the CPU Frequency Scaling governor to "ondemand"...
         Starting LSB: VirtualBox Linux Additions...
         Starting Permit User Sessions...
         Starting LSB: daemon to balance interrupts for SMP systems...
[[0;32m  OK  [0m] Started Permit User Sessions.
[[0;32m  OK  [0m] Started LSB: Set the CPU Frequency Scaling governor to "ondemand".
         Starting Authenticate and Authorize Users to Run Privileged Tasks...
         Starting Terminate Plymouth Boot Screen...
         Starting Hold until boot process finishes up...
[[0;32m  OK  [0m] Started Hold until boot process finishes up.
[[0;32m  OK  [0m] Started Terminate Plymouth Boot Screen.
[[0;32m  OK  [0m] Started Serial Getty on ttyS0.
[[0;32m  OK  [0m] Started Getty on tty1.
[[0;32m  OK  [0m] Reached target Login Prompts.
         Starting Set console scheme...
[[0;32m  OK  [0m] Started LSB: automatic crash report generation.
[[0;32m  OK  [0m] Started Set console scheme.
[[0;32m  OK  [0m] Started LSB: daemon to balance interrupts for SMP systems.
[[0;32m  OK  [0m] Started Authenticate and Authorize Users to Run Privileged Tasks.
[[0;32m  OK  [0m] Started Accounts Service.
[  141.875337] cloud-init[1186]: Generating locales (this might take a while)...
[[0;32m  OK  [0m] Started LSB: VirtualBox Linux Additions.
[[0;32m  OK  [0m] Started LXD - container startup/shutdown.
[  145.907295] cloud-init[1186]:   en_US.UTF-8... done
[  145.921319] cloud-init[1186]: Generation complete.

Ubuntu 16.04.1 LTS ubuntu-xenial ttyS0

ubuntu-xenial login: [  148.629885] cloud-init[1186]: Cloud-init v. 0.7.8 running 'modules:config' at Wed, 28 Dec 2016 09:44:39 +0000. Up 140.62 seconds.
ci-info: no authorized ssh keys fingerprints found for user ubuntu.
<14>Dec 28 09:44:53 ec2: 
<14>Dec 28 09:44:53 ec2: #############################################################
<14>Dec 28 09:44:53 ec2: -----BEGIN SSH HOST KEY FINGERPRINTS-----
<14>Dec 28 09:44:53 ec2: 1024 SHA256:4u8WdtOcrNmaRFoRqLwMdA8MxenxpplS9AMjL0QTuYE root@ubuntu-xenial (DSA)
<14>Dec 28 09:44:53 ec2: 256 SHA256:upu+op6ZzE32otS8BRbUF6gTWiRCVuIwDUnN33B9rjY root@ubuntu-xenial (ECDSA)
<14>Dec 28 09:44:53 ec2: 256 SHA256:zpeGwtu8oKBALHBA3RC/5jIAbSZaFw0I3og5RoIzSM0 root@ubuntu-xenial (ED25519)
<14>Dec 28 09:44:53 ec2: 2048 SHA256:VKMLSouOAdR0QPP/IArAnyHPXKOKIJvPrzmuqy2t+/k root@ubuntu-xenial (RSA)
<14>Dec 28 09:44:53 ec2: -----END SSH HOST KEY FINGERPRINTS-----
<14>Dec 28 09:44:53 ec2: #############################################################
-----BEGIN SSH HOST KEY KEYS-----
ecdsa-sha2-nistp256 AAAAE2VjZHNhLXNoYTItbmlzdHAyNTYAAAAIbmlzdHAyNTYAAABBBNZ7qbA5BBxt4eqbq7P8K2R56h2YlU6Ttr9tjOUJXGvnpEO5TKbJzyUonYHzC94bsyGd2yJZg8mbE7a2xBmTSUA= root@ubuntu-xenial
ssh-ed25519 AAAAC3NzaC1lZDI1NTE5AAAAICE49yiHHQTE7xf2AdSX1CJquAtzMMvrt6ED2Ep71oZ5 root@ubuntu-xenial
ssh-rsa AAAAB3NzaC1yc2EAAAADAQABAAABAQCh0RNiV8dsgpubF/JyaLXOpnAzSJBATXit0xyZGfF3kCJWUUddCc14UGJ+brK/lqefP07VsqJkT2+i8pF+SebBMEHIXGfWMXtYRvhlYlWS15lAVcNok4OVSV/7GiEe7DIGCMI7A+F1dncxTa/5yGWDbogFZ7narX9Pc+i1+Zyw0/7Jw/VrwAhJhfzLChZpw25Ryu1ykQWIGA7rFB62x3MHj+C8HnIxSkog6huzEeSTEklWXa7ZBpHA8UWXl7q1/14pV9dbPs3BjKonz4oEqQzZ1V1mPd0RXEeyY1tVC9Rjg4nqZZ7H66uPwRxu6XxLaj6ErDtAtYMuMJUfzbSlV+4l root@ubuntu-xenial
-----END SSH HOST KEY KEYS-----
[  155.279764] cloud-init[1429]: Cloud-init v. 0.7.8 running 'modules:final' at Wed, 28 Dec 2016 09:44:53 +0000. Up 154.67 seconds.
[  155.280445] cloud-init[1429]: ci-info: no authorized ssh keys fingerprints found for user ubuntu.
[  155.281132] cloud-init[1429]: Cloud-init v. 0.7.8 finished at Wed, 28 Dec 2016 09:44:53 +0000. Datasource DataSourceNoCloud [seed=/dev/sdb][dsmode=net].  Up 155.24 seconds
